// Vitest Snapshot v1, https://vitest.dev/guide/snapshot.html

exports[`EPIC-18-S46 — the clean room runs doctor and gets an honest, vendor-free report > exits 0, renders every section and reports only the bundled agent 1`] = `
{
  "checks": [
    {
      "data": {
        "adapterMissing": 0,
        "installed": 1,
      },
      "detail": "1 installed: mock — the agent bundled with DeFlow. It runs a whole plan with no vendor CLI, no credential and no network, so this machine can run DeFlow as it is. No vendor adapter is installed here; install any one of these to run against a real model:
  gemini: npm install -g @google/gemini-cli
  copilot: npm install -g @github/copilot
  opencode: npm install -g opencode-ai
  claude: npm install -g @agentclientprotocol/claude-agent-acp
  codex: npm install -g @agentclientprotocol/codex-acp
  "DeFlow replay <fixture>" also serves a recorded run over the same HTTP contract the UI speaks to a live daemon, so replay works regardless.",
      "id": "agents.summary",
      "status": "ok",
    },
    {
      "data": {
        "adapterBin": "claude-agent-acp",
        "package": "@agentclientprotocol/claude-agent-acp",
        "provider": "claude",
        "state": "not-installed",
        "vendorBin": "claude",
        "vendorPath": null,
      },
      "detail": "claude is not installed here: no executable "claude" was found on PATH — DeFlow spawns "claude-agent-acp" from @agentclientprotocol/claude-agent-acp, so this machine needs that vendor CLI and then its ACP adapter — "npm install -g @agentclientprotocol/claude-agent-acp" once "claude" is on PATH.",
      "id": "agents.claude",
      "status": "warn",
    },
    {
      "data": {
        "adapterBin": "codex-acp",
        "package": "@agentclientprotocol/codex-acp",
        "provider": "codex",
        "state": "not-installed",
        "vendorBin": "codex",
        "vendorPath": null,
      },
      "detail": "codex is not installed here: no executable "codex" was found on PATH — DeFlow spawns "codex-acp" from @agentclientprotocol/codex-acp, so this machine needs that vendor CLI and then its ACP adapter — "npm install -g @agentclientprotocol/codex-acp" once "codex" is on PATH.",
      "id": "agents.codex",
      "status": "warn",
    },
    {
      "data": {
        "adapterBin": "copilot",
        "package": "@github/copilot",
        "provider": "copilot",
        "state": "not-installed",
        "vendorBin": "copilot",
        "vendorPath": null,
      },
      "detail": "copilot is not installed here: no executable "copilot" was found on PATH — install it with "npm install -g @github/copilot".",
      "id": "agents.copilot",
      "status": "warn",
    },
    {
      "data": {
        "adapterBin": "gemini",
        "package": "@google/gemini-cli",
        "provider": "gemini",
        "state": "not-installed",
        "vendorBin": "gemini",
        "vendorPath": null,
      },
      "detail": "gemini is not installed here: no executable "gemini" was found on PATH — install it with "npm install -g @google/gemini-cli".",
      "id": "agents.gemini",
      "status": "warn",
    },
    {
      "data": {
        "binaryPath": "<tmp>/npm-cache/_npx/<cache>/node_modules/.bin/DeFlow-mock-agent",
        "probedAt": "<ts>",
        "provider": "mock",
        "sha256": "<sha256>",
        "state": "installed",
        "version": "DeFlow-mock-agent 0.0.0",
      },
      "detail": "mock DeFlow-mock-agent 0.0.0, sha256 <sha256> — "DeFlow-mock-agent" — the binary DeFlow spawns — resolves at <tmp>/npm-cache/_npx/<cache>/node_modules/.bin/DeFlow-mock-agent, the absolute path DeFlowd would use rather than one looked up on the daemon's own PATH later.",
      "id": "agents.mock",
      "status": "ok",
    },
    {
      "data": {
        "drift": [],
      },
      "detail": "mock matches the recorded manifest: DeFlow-mock-agent 0.0.0 (sha256 <sha256>), so the goldens recorded against it still describe the binary that is installed.",
      "id": "agents.mock.drift",
      "status": "ok",
    },
    {
      "data": {
        "adapterBin": "opencode",
        "package": "opencode-ai",
        "provider": "opencode",
        "state": "not-installed",
        "vendorBin": "opencode",
        "vendorPath": null,
      },
      "detail": "opencode is not installed here: no executable "opencode" was found on PATH — install it with "npm install -g opencode-ai".",
      "id": "agents.opencode",
      "status": "warn",
    },
  ],
  "id": "agents",
  "status": "warn",
  "title": "Agents",
}
`;
