// Vitest Snapshot v1, https://vitest.dev/guide/snapshot.html

exports[`EPIC-18-S18 — one command, one run, no browser (AC1) > autostarts DeFlowd detached, polls health unauthenticated, and streams the run 1`] = `
"run <runId> — watching; Ctrl-C detaches
· task                submitted  from text
"
`;
